23:10:24 **** Build of configuration Debug for project inversor ****
make -j4 all 
arm-none-eabi-gcc "../Core/Src/tim.c" -mcpu=cortex-m4 -std=gnu11 -g3 -DDEBUG -DUSE_HAL_DRIVER -DSTM32L476xx -c -I../Core/Inc -I../Drivers/STM32L4xx_HAL_Driver/Inc -I../Drivers/STM32L4xx_HAL_Driver/Inc/Legacy -I../Drivers/CMSIS/Device/ST/STM32L4xx/Include -I../Drivers/CMSIS/Include -O0 -ffunction-sections -fdata-sections -Wall -fstack-usage -fcyclomatic-complexity -MMD -MP -MF"Core/Src/tim.d" -MT"Core/Src/tim.o" --specs=nano.specs -mfpu=fpv4-sp-d16 -mfloat-abi=hard -mthumb -o "Core/Src/tim.o"
arm-none-eabi-gcc -o "inversor.elf" @"objects.list"   -mcpu=cortex-m4 -T"C:\Users\juan\Documents\4-Microcontroladores\Proyecto\Stm\inversor\STM32L476RGTX_FLASH.ld" --specs=nosys.specs -Wl,-Map="inversor.map" -Wl,--gc-sections -static --specs=nano.specs -mfpu=fpv4-sp-d16 -mfloat-abi=hard -mthumb -Wl,--start-group -lc -lm -Wl,--end-group
Finished building target: inversor.elf
 
arm-none-eabi-size  inversor.elf 
arm-none-eabi-objdump -h -S inversor.elf  > "inversor.list"
   text	   data	    bss	    dec	    hex	filename
  59292	     12	   1788	  61092	   eea4	inversor.elf
Finished building: default.size.stdout
 
Finished building: inversor.list
 

23:10:25 Build Finished. 0 errors, 0 warnings. (took 1s.125ms)

